1791245379.60 pid=33435 token= api repos/kunchenguid/firstmate/pulls/5442
1791245382.47 pid=35808 token= api repos/kunchenguid/firstmate/pulls/5442/comments?per_page=100 --paginate --slurp
1791245382.47 pid=35807 token= api repos/kunchenguid/firstmate/issues/5442/comments?per_page=100 --paginate --slurp
1791245382.47 pid=35809 token= api repos/kunchenguid/firstmate/commits/407b16a058993dbda1603553d6306928d60d58dd/check-runs?filter=all&per_page=100 --paginate --slurp
1791245382.47 pid=35806 token= api repos/kunchenguid/firstmate/pulls/5442/reviews?per_page=100 --paginate --slurp
1791245382.47 pid=35810 token= api repos/kunchenguid/firstmate/commits/407b16a058993dbda1603553d6306928d60d58dd/statuses?per_page=100 --paginate --slurp
1791245382.47 pid=35812 token= api repos/kunchenguid/firstmate
1791245387.17 pid=39483 token= pr view https://github.com/kunchenguid/firstmate/pull/5442 --json headRefOid,reviewDecision
1791245391.40 pid=46549 token= api repos/kunchenguid/firstmate/pulls/5442
1791245393.86 pid=48880 token= api repos/kunchenguid/firstmate/pulls/5442/reviews?per_page=100 --paginate --slurp
1791245393.86 pid=48878 token= api repos/kunchenguid/firstmate/issues/5442/comments?per_page=100 --paginate --slurp
1791245393.86 pid=48879 token= api repos/kunchenguid/firstmate/pulls/5442/comments?per_page=100 --paginate --slurp
1791245393.86 pid=48881 token= api repos/kunchenguid/firstmate/commits/407b16a058993dbda1603553d6306928d60d58dd/statuses?per_page=100 --paginate --slurp
1791245393.86 pid=48883 token= api repos/kunchenguid/firstmate
1791245393.86 pid=48882 token= api repos/kunchenguid/firstmate/commits/407b16a058993dbda1603553d6306928d60d58dd/check-runs?filter=all&per_page=100 --paginate --slurp
1791245400.36 pid=51463 token= api repos/kunchenguid/firstmate/pulls/5442
1791245403.56 pid=52410 token= api repos/kunchenguid/firstmate/issues/5442/comments?per_page=100 --paginate --slurp
1791245403.56 pid=52413 token= api repos/kunchenguid/firstmate/commits/407b16a058993dbda1603553d6306928d60d58dd/check-runs?filter=all&per_page=100 --paginate --slurp
1791245403.56 pid=52412 token= api repos/kunchenguid/firstmate/pulls/5442/comments?per_page=100 --paginate --slurp
1791245403.56 pid=52415 token= api repos/kunchenguid/firstmate
1791245403.56 pid=52414 token= api repos/kunchenguid/firstmate/commits/407b16a058993dbda1603553d6306928d60d58dd/statuses?per_page=100 --paginate --slurp
1791245403.56 pid=52411 token= api repos/kunchenguid/firstmate/pulls/5442/reviews?per_page=100 --paginate --slurp
1791245410.06 pid=56626 token= api repos/kunchenguid/firstmate/pulls/5442
1791245412.69 pid=59445 token= api repos/kunchenguid/firstmate/pulls/5442/comments?per_page=100 --paginate --slurp
1791245412.69 pid=59449 token= api repos/kunchenguid/firstmate/commits/407b16a058993dbda1603553d6306928d60d58dd/statuses?per_page=100 --paginate --slurp
1791245412.69 pid=59447 token= api repos/kunchenguid/firstmate/pulls/5442/reviews?per_page=100 --paginate --slurp
1791245412.69 pid=59450 token= api repos/kunchenguid/firstmate
1791245412.69 pid=59444 token= api repos/kunchenguid/firstmate/issues/5442/comments?per_page=100 --paginate --slurp
1791245412.69 pid=59446 token= api repos/kunchenguid/firstmate/commits/407b16a058993dbda1603553d6306928d60d58dd/check-runs?filter=all&per_page=100 --paginate --slurp
1791245419.18 pid=65434 token= api repos/kunchenguid/firstmate/pulls/5442
1791245421.34 pid=67091 token= api repos/kunchenguid/firstmate/pulls/5442/reviews?per_page=100 --paginate --slurp
1791245421.34 pid=67089 token= api repos/kunchenguid/firstmate/issues/5442/comments?per_page=100 --paginate --slurp
1791245421.34 pid=67098 token= api repos/kunchenguid/firstmate
1791245421.34 pid=67094 token= api repos/kunchenguid/firstmate/commits/407b16a058993dbda1603553d6306928d60d58dd/statuses?per_page=100 --paginate --slurp
1791245421.34 pid=67092 token= api repos/kunchenguid/firstmate/commits/407b16a058993dbda1603553d6306928d60d58dd/check-runs?filter=all&per_page=100 --paginate --slurp
1791245421.34 pid=67096 token= api repos/kunchenguid/firstmate/pulls/5442/comments?per_page=100 --paginate --slurp
1791245427.83 pid=72303 token= api repos/kunchenguid/firstmate/pulls/5442
1791245430.73 pid=75494 token= api repos/kunchenguid/firstmate/issues/5442/comments?per_page=100 --paginate --slurp
1791245430.73 pid=75500 token= api repos/kunchenguid/firstmate
1791245430.73 pid=75495 token= api repos/kunchenguid/firstmate/pulls/5442/reviews?per_page=100 --paginate --slurp
1791245430.73 pid=75498 token= api repos/kunchenguid/firstmate/commits/407b16a058993dbda1603553d6306928d60d58dd/check-runs?filter=all&per_page=100 --paginate --slurp
1791245430.73 pid=75499 token= api repos/kunchenguid/firstmate/commits/407b16a058993dbda1603553d6306928d60d58dd/statuses?per_page=100 --paginate --slurp
1791245430.73 pid=75497 token= api repos/kunchenguid/firstmate/pulls/5442/comments?per_page=100 --paginate --slurp
1791245437.09 pid=77472 token= api repos/kunchenguid/firstmate/pulls/5442
1791245439.65 pid=78039 token= api repos/kunchenguid/firstmate/commits/407b16a058993dbda1603553d6306928d60d58dd/check-runs?filter=all&per_page=100 --paginate --slurp
1791245439.66 pid=78040 token= api repos/kunchenguid/firstmate/commits/407b16a058993dbda1603553d6306928d60d58dd/statuses?per_page=100 --paginate --slurp
1791245439.66 pid=78038 token= api repos/kunchenguid/firstmate/pulls/5442/comments?per_page=100 --paginate --slurp
1791245439.66 pid=78037 token= api repos/kunchenguid/firstmate/issues/5442/comments?per_page=100 --paginate --slurp
1791245439.66 pid=78036 token= api repos/kunchenguid/firstmate/pulls/5442/reviews?per_page=100 --paginate --slurp
1791245439.66 pid=78042 token= api repos/kunchenguid/firstmate
1791245446.15 pid=80238 token= api repos/kunchenguid/firstmate/pulls/5442
1791245448.65 pid=82880 token= api repos/kunchenguid/firstmate/commits/407b16a058993dbda1603553d6306928d60d58dd/statuses?per_page=100 --paginate --slurp
1791245448.65 pid=82879 token= api repos/kunchenguid/firstmate/issues/5442/comments?per_page=100 --paginate --slurp
1791245448.65 pid=82877 token= api repos/kunchenguid/firstmate/commits/407b16a058993dbda1603553d6306928d60d58dd/check-runs?filter=all&per_page=100 --paginate --slurp
1791245448.65 pid=82874 token= api repos/kunchenguid/firstmate/pulls/5442/comments?per_page=100 --paginate --slurp
1791245448.65 pid=82882 token= api repos/kunchenguid/firstmate
1791245448.65 pid=82875 token= api repos/kunchenguid/firstmate/pulls/5442/reviews?per_page=100 --paginate --slurp
1791245455.12 pid=89897 token= api repos/kunchenguid/firstmate/pulls/5442
1791245458.28 pid=93630 token= api repos/kunchenguid/firstmate/commits/407b16a058993dbda1603553d6306928d60d58dd/check-runs?filter=all&per_page=100 --paginate --slurp
1791245458.28 pid=93631 token= api repos/kunchenguid/firstmate/commits/407b16a058993dbda1603553d6306928d60d58dd/statuses?per_page=100 --paginate --slurp
1791245458.28 pid=93627 token= api repos/kunchenguid/firstmate/pulls/5442/reviews?per_page=100 --paginate --slurp
1791245458.28 pid=93629 token= api repos/kunchenguid/firstmate/issues/5442/comments?per_page=100 --paginate --slurp
1791245458.28 pid=93633 token= api repos/kunchenguid/firstmate
1791245458.28 pid=93628 token= api repos/kunchenguid/firstmate/pulls/5442/comments?per_page=100 --paginate --slurp
1791245463.09 pid=97352 token= pr view https://github.com/kunchenguid/firstmate/pull/5442 --json headRefOid,reviewDecision
1791245467.02 pid=1002 token= api repos/kunchenguid/firstmate/pulls/5442
1791245469.31 pid=2103 token= api repos/kunchenguid/firstmate/pulls/5442/reviews?per_page=100 --paginate --slurp
1791245469.31 pid=2102 token= api repos/kunchenguid/firstmate/issues/5442/comments?per_page=100 --paginate --slurp
1791245469.31 pid=2105 token= api repos/kunchenguid/firstmate/commits/407b16a058993dbda1603553d6306928d60d58dd/check-runs?filter=all&per_page=100 --paginate --slurp
1791245469.31 pid=2104 token= api repos/kunchenguid/firstmate/pulls/5442/comments?per_page=100 --paginate --slurp
1791245469.32 pid=2106 token= api repos/kunchenguid/firstmate
1791245469.32 pid=2107 token= api repos/kunchenguid/firstmate/commits/407b16a058993dbda1603553d6306928d60d58dd/statuses?per_page=100 --paginate --slurp
1791245473.77 pid=3534 token= pr view https://github.com/kunchenguid/firstmate/pull/5442 --json headRefOid,reviewDecision
1791245477.49 pid=5104 token= api repos/kunchenguid/firstmate/pulls/5442
1791245479.90 pid=5856 token= api repos/kunchenguid/firstmate
1791245479.90 pid=5852 token= api repos/kunchenguid/firstmate/issues/5442/comments?per_page=100 --paginate --slurp
1791245479.90 pid=5853 token= api repos/kunchenguid/firstmate/pulls/5442/comments?per_page=100 --paginate --slurp
1791245479.90 pid=5859 token= api repos/kunchenguid/firstmate/commits/407b16a058993dbda1603553d6306928d60d58dd/check-runs?filter=all&per_page=100 --paginate --slurp
1791245479.90 pid=5855 token= api repos/kunchenguid/firstmate/pulls/5442/reviews?per_page=100 --paginate --slurp
1791245479.90 pid=5857 token= api repos/kunchenguid/firstmate/commits/407b16a058993dbda1603553d6306928d60d58dd/statuses?per_page=100 --paginate --slurp
1791245484.56 pid=9683 token= pr view https://github.com/kunchenguid/firstmate/pull/5442 --json headRefOid,reviewDecision
1791245489.12 pid=17926 token= api repos/kunchenguid/firstmate/pulls/5442
1791245491.92 pid=21999 token= api repos/kunchenguid/firstmate/issues/5442/comments?per_page=100 --paginate --slurp
1791245491.92 pid=22001 token= api repos/kunchenguid/firstmate/pulls/5442/comments?per_page=100 --paginate --slurp
1791245491.92 pid=22000 token= api repos/kunchenguid/firstmate/pulls/5442/reviews?per_page=100 --paginate --slurp
1791245491.92 pid=22004 token= api repos/kunchenguid/firstmate/commits/407b16a058993dbda1603553d6306928d60d58dd/statuses?per_page=100 --paginate --slurp
1791245491.92 pid=22003 token= api repos/kunchenguid/firstmate/commits/407b16a058993dbda1603553d6306928d60d58dd/check-runs?filter=all&per_page=100 --paginate --slurp
1791245491.92 pid=22005 token= api repos/kunchenguid/firstmate
1791245498.39 pid=28879 token= api repos/kunchenguid/firstmate/pulls/5442
1791245502.81 pid=33999 token= api repos/kunchenguid/firstmate/pulls/5442/reviews?per_page=100 --paginate --slurp
1791245502.81 pid=33998 token= api repos/kunchenguid/firstmate/issues/5442/comments?per_page=100 --paginate --slurp
1791245502.81 pid=33996 token= api repos/kunchenguid/firstmate/pulls/5442/comments?per_page=100 --paginate --slurp
1791245502.81 pid=34002 token= api repos/kunchenguid/firstmate
1791245502.82 pid=34004 token= api repos/kunchenguid/firstmate/commits/407b16a058993dbda1603553d6306928d60d58dd/statuses?per_page=100 --paginate --slurp
1791245502.82 pid=34001 token= api repos/kunchenguid/firstmate/commits/407b16a058993dbda1603553d6306928d60d58dd/check-runs?filter=all&per_page=100 --paginate --slurp
1791245509.20 pid=37109 token= api repos/kunchenguid/firstmate/pulls/5442
1791245512.80 pid=37176 token= api repos/kunchenguid/firstmate/issues/5442/comments?per_page=100 --paginate --slurp
1791245512.80 pid=37177 token= api repos/kunchenguid/firstmate/pulls/5442/comments?per_page=100 --paginate --slurp
1791245512.80 pid=37178 token= api repos/kunchenguid/firstmate/commits/407b16a058993dbda1603553d6306928d60d58dd/check-runs?filter=all&per_page=100 --paginate --slurp
1791245512.80 pid=37181 token= api repos/kunchenguid/firstmate
1791245512.80 pid=37180 token= api repos/kunchenguid/firstmate/commits/407b16a058993dbda1603553d6306928d60d58dd/statuses?per_page=100 --paginate --slurp
1791245512.80 pid=37179 token= api repos/kunchenguid/firstmate/pulls/5442/reviews?per_page=100 --paginate --slurp
1791245517.56 pid=38128 token= pr view https://github.com/kunchenguid/firstmate/pull/5442 --json headRefOid,reviewDecision
1791245521.34 pid=40110 token= api repos/kunchenguid/firstmate/pulls/5442
1791245523.99 pid=42546 token= api repos/kunchenguid/firstmate/commits/407b16a058993dbda1603553d6306928d60d58dd/check-runs?filter=all&per_page=100 --paginate --slurp
1791245524.00 pid=42542 token= api repos/kunchenguid/firstmate/pulls/5442/comments?per_page=100 --paginate --slurp
1791245524.00 pid=42545 token= api repos/kunchenguid/firstmate/pulls/5442/reviews?per_page=100 --paginate --slurp
1791245524.00 pid=42543 token= api repos/kunchenguid/firstmate/issues/5442/comments?per_page=100 --paginate --slurp
1791245524.00 pid=42548 token= api repos/kunchenguid/firstmate
1791245524.00 pid=42547 token= api repos/kunchenguid/firstmate/commits/407b16a058993dbda1603553d6306928d60d58dd/statuses?per_page=100 --paginate --slurp
1791245528.61 pid=46893 token= pr view https://github.com/kunchenguid/firstmate/pull/5442 --json headRefOid,reviewDecision
