1791245292.60 pid=75663 token= auth token --hostname github.com
1791245294.97 pid=78066 token=env api repos/kunchenguid/firstmate/pulls/5442
1791245295.67 pid=79001 token=env api repos/kunchenguid/firstmate/issues/5442/comments?per_page=100 --paginate --slurp
1791245295.67 pid=79002 token=env api repos/kunchenguid/firstmate/pulls/5442/reviews?per_page=100 --paginate --slurp
1791245295.67 pid=79005 token=env api repos/kunchenguid/firstmate/commits/407b16a058993dbda1603553d6306928d60d58dd/statuses?per_page=100 --paginate --slurp
1791245295.67 pid=79004 token=env api repos/kunchenguid/firstmate/pulls/5442/comments?per_page=100 --paginate --slurp
1791245295.67 pid=79007 token=env api repos/kunchenguid/firstmate/commits/407b16a058993dbda1603553d6306928d60d58dd/check-runs?filter=all&per_page=100 --paginate --slurp
1791245295.67 pid=79008 token=env api repos/kunchenguid/firstmate
1791245296.27 pid=79761 token=env pr view https://github.com/kunchenguid/firstmate/pull/5442 --json headRefOid,reviewDecision
1791245298.13 pid=82382 token= auth token --hostname github.com
1791245300.33 pid=84131 token=env api repos/kunchenguid/firstmate/pulls/5442
1791245301.20 pid=84583 token=env api repos/kunchenguid/firstmate/commits/407b16a058993dbda1603553d6306928d60d58dd/check-runs?filter=all&per_page=100 --paginate --slurp
1791245301.20 pid=84580 token=env api repos/kunchenguid/firstmate/pulls/5442/reviews?per_page=100 --paginate --slurp
1791245301.20 pid=84581 token=env api repos/kunchenguid/firstmate/pulls/5442/comments?per_page=100 --paginate --slurp
1791245301.20 pid=84582 token=env api repos/kunchenguid/firstmate/issues/5442/comments?per_page=100 --paginate --slurp
1791245301.20 pid=84584 token=env api repos/kunchenguid/firstmate
1791245301.20 pid=84585 token=env api repos/kunchenguid/firstmate/commits/407b16a058993dbda1603553d6306928d60d58dd/statuses?per_page=100 --paginate --slurp
1791245301.76 pid=84815 token=env pr view https://github.com/kunchenguid/firstmate/pull/5442 --json headRefOid,reviewDecision
1791245303.87 pid=85492 token= auth token --hostname github.com
1791245305.87 pid=85680 token=env api repos/kunchenguid/firstmate/pulls/5442
1791245306.60 pid=85729 token=env api repos/kunchenguid/firstmate/pulls/5442/reviews?per_page=100 --paginate --slurp
1791245306.60 pid=85730 token=env api repos/kunchenguid/firstmate/issues/5442/comments?per_page=100 --paginate --slurp
1791245306.61 pid=85731 token=env api repos/kunchenguid/firstmate/pulls/5442/comments?per_page=100 --paginate --slurp
1791245306.61 pid=85733 token=env api repos/kunchenguid/firstmate/commits/407b16a058993dbda1603553d6306928d60d58dd/statuses?per_page=100 --paginate --slurp
1791245306.61 pid=85732 token=env api repos/kunchenguid/firstmate/commits/407b16a058993dbda1603553d6306928d60d58dd/check-runs?filter=all&per_page=100 --paginate --slurp
1791245306.61 pid=85734 token=env api repos/kunchenguid/firstmate
1791245307.18 pid=85822 token=env pr view https://github.com/kunchenguid/firstmate/pull/5442 --json headRefOid,reviewDecision
1791245309.22 pid=85966 token= auth token --hostname github.com
1791245315.77 pid=92813 token= auth token --hostname github.com
1791245318.99 pid=95360 token=env api repos/kunchenguid/firstmate/pulls/5442
1791245319.68 pid=95620 token=env api repos/kunchenguid/firstmate/issues/5442/comments?per_page=100 --paginate --slurp
1791245319.68 pid=95621 token=env api repos/kunchenguid/firstmate/pulls/5442/reviews?per_page=100 --paginate --slurp
1791245319.68 pid=95622 token=env api repos/kunchenguid/firstmate/pulls/5442/comments?per_page=100 --paginate --slurp
1791245319.68 pid=95625 token=env api repos/kunchenguid/firstmate/commits/407b16a058993dbda1603553d6306928d60d58dd/statuses?per_page=100 --paginate --slurp
1791245319.68 pid=95623 token=env api repos/kunchenguid/firstmate/commits/407b16a058993dbda1603553d6306928d60d58dd/check-runs?filter=all&per_page=100 --paginate --slurp
1791245319.68 pid=95624 token=env api repos/kunchenguid/firstmate
1791245320.37 pid=95955 token=env pr view https://github.com/kunchenguid/firstmate/pull/5442 --json headRefOid,reviewDecision
1791245322.32 pid=96371 token= auth token --hostname github.com
1791245323.92 pid=96826 token=env api repos/kunchenguid/firstmate/pulls/5442
1791245325.56 pid=97182 token=env api repos/kunchenguid/firstmate/pulls/5442/reviews?per_page=100 --paginate --slurp
1791245325.56 pid=97181 token=env api repos/kunchenguid/firstmate/pulls/5442/comments?per_page=100 --paginate --slurp
1791245325.56 pid=97183 token=env api repos/kunchenguid/firstmate/commits/407b16a058993dbda1603553d6306928d60d58dd/check-runs?filter=all&per_page=100 --paginate --slurp
1791245325.56 pid=97180 token=env api repos/kunchenguid/firstmate/issues/5442/comments?per_page=100 --paginate --slurp
1791245325.56 pid=97184 token=env api repos/kunchenguid/firstmate/commits/407b16a058993dbda1603553d6306928d60d58dd/statuses?per_page=100 --paginate --slurp
1791245325.56 pid=97185 token=env api repos/kunchenguid/firstmate
1791245326.25 pid=97471 token=env pr view https://github.com/kunchenguid/firstmate/pull/5442 --json headRefOid,reviewDecision
1791245328.21 pid=97937 token= auth token --hostname github.com
1791245329.72 pid=98236 token=env api repos/kunchenguid/firstmate/pulls/5442
1791245330.38 pid=98781 token=env api repos/kunchenguid/firstmate/pulls/5442/comments?per_page=100 --paginate --slurp
1791245330.38 pid=98780 token=env api repos/kunchenguid/firstmate/pulls/5442/reviews?per_page=100 --paginate --slurp
1791245330.38 pid=98782 token=env api repos/kunchenguid/firstmate/commits/407b16a058993dbda1603553d6306928d60d58dd/check-runs?filter=all&per_page=100 --paginate --slurp
1791245330.38 pid=98783 token=env api repos/kunchenguid/firstmate/commits/407b16a058993dbda1603553d6306928d60d58dd/statuses?per_page=100 --paginate --slurp
1791245330.38 pid=98779 token=env api repos/kunchenguid/firstmate/issues/5442/comments?per_page=100 --paginate --slurp
1791245330.38 pid=98784 token=env api repos/kunchenguid/firstmate
1791245330.78 pid=98821 token=env pr view https://github.com/kunchenguid/firstmate/pull/5442 --json headRefOid,reviewDecision
1791245332.88 pid=1214 token= auth token --hostname github.com
1791245334.48 pid=3043 token=env api repos/kunchenguid/firstmate/pulls/5442
1791245335.13 pid=3706 token=env api repos/kunchenguid/firstmate/issues/5442/comments?per_page=100 --paginate --slurp
1791245335.13 pid=3709 token=env api repos/kunchenguid/firstmate/pulls/5442/comments?per_page=100 --paginate --slurp
1791245335.13 pid=3710 token=env api repos/kunchenguid/firstmate/commits/407b16a058993dbda1603553d6306928d60d58dd/check-runs?filter=all&per_page=100 --paginate --slurp
1791245335.13 pid=3708 token=env api repos/kunchenguid/firstmate/pulls/5442/reviews?per_page=100 --paginate --slurp
1791245335.13 pid=3714 token=env api repos/kunchenguid/firstmate
1791245335.13 pid=3713 token=env api repos/kunchenguid/firstmate/commits/407b16a058993dbda1603553d6306928d60d58dd/statuses?per_page=100 --paginate --slurp
1791245335.73 pid=4532 token=env pr view https://github.com/kunchenguid/firstmate/pull/5442 --json headRefOid,reviewDecision
1791245337.75 pid=6748 token= auth token --hostname github.com
1791245339.82 pid=9106 token=env api repos/kunchenguid/firstmate/pulls/5442
1791245340.43 pid=9951 token=env api repos/kunchenguid/firstmate/issues/5442/comments?per_page=100 --paginate --slurp
1791245340.43 pid=9953 token=env api repos/kunchenguid/firstmate/pulls/5442/comments?per_page=100 --paginate --slurp
1791245340.43 pid=9954 token=env api repos/kunchenguid/firstmate/commits/407b16a058993dbda1603553d6306928d60d58dd/statuses?per_page=100 --paginate --slurp
1791245340.43 pid=9955 token=env api repos/kunchenguid/firstmate
1791245340.43 pid=9948 token=env api repos/kunchenguid/firstmate/pulls/5442/reviews?per_page=100 --paginate --slurp
1791245340.43 pid=9952 token=env api repos/kunchenguid/firstmate/commits/407b16a058993dbda1603553d6306928d60d58dd/check-runs?filter=all&per_page=100 --paginate --slurp
1791245340.97 pid=10846 token=env pr view https://github.com/kunchenguid/firstmate/pull/5442 --json headRefOid,reviewDecision
1791245342.93 pid=12601 token= auth token --hostname github.com
1791245345.15 pid=14316 token=env api repos/kunchenguid/firstmate/pulls/5442
1791245345.95 pid=14992 token=env api repos/kunchenguid/firstmate/issues/5442/comments?per_page=100 --paginate --slurp
1791245345.95 pid=14995 token=env api repos/kunchenguid/firstmate/commits/407b16a058993dbda1603553d6306928d60d58dd/check-runs?filter=all&per_page=100 --paginate --slurp
1791245345.95 pid=14994 token=env api repos/kunchenguid/firstmate/pulls/5442/comments?per_page=100 --paginate --slurp
1791245345.95 pid=14993 token=env api repos/kunchenguid/firstmate/pulls/5442/reviews?per_page=100 --paginate --slurp
1791245345.96 pid=14998 token=env api repos/kunchenguid/firstmate
1791245345.96 pid=14999 token=env api repos/kunchenguid/firstmate/commits/407b16a058993dbda1603553d6306928d60d58dd/statuses?per_page=100 --paginate --slurp
1791245346.50 pid=15463 token=env pr view https://github.com/kunchenguid/firstmate/pull/5442 --json headRefOid,reviewDecision
1791245348.35 pid=17035 token= auth token --hostname github.com
1791245350.29 pid=18539 token=env api repos/kunchenguid/firstmate/pulls/5442
1791245351.80 pid=19878 token=env api repos/kunchenguid/firstmate/pulls/5442/comments?per_page=100 --paginate --slurp
1791245351.80 pid=19876 token=env api repos/kunchenguid/firstmate/pulls/5442/reviews?per_page=100 --paginate --slurp
1791245351.80 pid=19877 token=env api repos/kunchenguid/firstmate/issues/5442/comments?per_page=100 --paginate --slurp
1791245351.80 pid=19879 token=env api repos/kunchenguid/firstmate/commits/407b16a058993dbda1603553d6306928d60d58dd/check-runs?filter=all&per_page=100 --paginate --slurp
1791245351.80 pid=19881 token=env api repos/kunchenguid/firstmate/commits/407b16a058993dbda1603553d6306928d60d58dd/statuses?per_page=100 --paginate --slurp
1791245351.80 pid=19880 token=env api repos/kunchenguid/firstmate
1791245352.35 pid=20312 token=env pr view https://github.com/kunchenguid/firstmate/pull/5442 --json headRefOid,reviewDecision
1791245354.26 pid=21646 token= auth token --hostname github.com
1791245357.07 pid=22766 token=env api repos/kunchenguid/firstmate/pulls/5442
1791245357.66 pid=23295 token=env api repos/kunchenguid/firstmate/pulls/5442/reviews?per_page=100 --paginate --slurp
1791245357.66 pid=23296 token=env api repos/kunchenguid/firstmate/issues/5442/comments?per_page=100 --paginate --slurp
1791245357.66 pid=23300 token=env api repos/kunchenguid/firstmate
1791245357.66 pid=23297 token=env api repos/kunchenguid/firstmate/pulls/5442/comments?per_page=100 --paginate --slurp
1791245357.66 pid=23298 token=env api repos/kunchenguid/firstmate/commits/407b16a058993dbda1603553d6306928d60d58dd/check-runs?filter=all&per_page=100 --paginate --slurp
1791245357.66 pid=23299 token=env api repos/kunchenguid/firstmate/commits/407b16a058993dbda1603553d6306928d60d58dd/statuses?per_page=100 --paginate --slurp
1791245358.12 pid=23859 token=env pr view https://github.com/kunchenguid/firstmate/pull/5442 --json headRefOid,reviewDecision
1791245360.09 pid=24202 token= auth token --hostname github.com
1791245363.13 pid=24240 token=env api repos/kunchenguid/firstmate/pulls/5442
1791245363.79 pid=24291 token=env api repos/kunchenguid/firstmate/commits/407b16a058993dbda1603553d6306928d60d58dd/check-runs?filter=all&per_page=100 --paginate --slurp
1791245363.79 pid=24290 token=env api repos/kunchenguid/firstmate/issues/5442/comments?per_page=100 --paginate --slurp
1791245363.79 pid=24289 token=env api repos/kunchenguid/firstmate/pulls/5442/comments?per_page=100 --paginate --slurp
1791245363.79 pid=24293 token=env api repos/kunchenguid/firstmate
1791245363.79 pid=24294 token=env api repos/kunchenguid/firstmate/commits/407b16a058993dbda1603553d6306928d60d58dd/statuses?per_page=100 --paginate --slurp
1791245363.79 pid=24292 token=env api repos/kunchenguid/firstmate/pulls/5442/reviews?per_page=100 --paginate --slurp
1791245364.21 pid=24326 token=env pr view https://github.com/kunchenguid/firstmate/pull/5442 --json headRefOid,reviewDecision
1791245366.24 pid=24569 token= auth token --hostname github.com
1791245368.94 pid=24593 token=env api repos/kunchenguid/firstmate/pulls/5442
1791245369.62 pid=25142 token=env api repos/kunchenguid/firstmate/pulls/5442/comments?per_page=100 --paginate --slurp
1791245369.62 pid=25143 token=env api repos/kunchenguid/firstmate/issues/5442/comments?per_page=100 --paginate --slurp
1791245369.62 pid=25147 token=env api repos/kunchenguid/firstmate
1791245369.62 pid=25144 token=env api repos/kunchenguid/firstmate/pulls/5442/reviews?per_page=100 --paginate --slurp
1791245369.62 pid=25145 token=env api repos/kunchenguid/firstmate/commits/407b16a058993dbda1603553d6306928d60d58dd/statuses?per_page=100 --paginate --slurp
1791245369.62 pid=25146 token=env api repos/kunchenguid/firstmate/commits/407b16a058993dbda1603553d6306928d60d58dd/check-runs?filter=all&per_page=100 --paginate --slurp
1791245370.14 pid=25590 token=env pr view https://github.com/kunchenguid/firstmate/pull/5442 --json headRefOid,reviewDecision
1791245371.95 pid=27128 token= auth token --hostname github.com
1791245373.97 pid=28797 token=env api repos/kunchenguid/firstmate/pulls/5442
1791245374.63 pid=29364 token=env api repos/kunchenguid/firstmate/pulls/5442/comments?per_page=100 --paginate --slurp
1791245374.63 pid=29362 token=env api repos/kunchenguid/firstmate/pulls/5442/reviews?per_page=100 --paginate --slurp
1791245374.63 pid=29365 token=env api repos/kunchenguid/firstmate/commits/407b16a058993dbda1603553d6306928d60d58dd/check-runs?filter=all&per_page=100 --paginate --slurp
1791245374.63 pid=29361 token=env api repos/kunchenguid/firstmate/issues/5442/comments?per_page=100 --paginate --slurp
1791245374.63 pid=29368 token=env api repos/kunchenguid/firstmate/commits/407b16a058993dbda1603553d6306928d60d58dd/statuses?per_page=100 --paginate --slurp
1791245374.64 pid=29369 token=env api repos/kunchenguid/firstmate
1791245375.21 pid=29846 token=env pr view https://github.com/kunchenguid/firstmate/pull/5442 --json headRefOid,reviewDecision
