[head-small-FM_CONTRIBUTIONS_BUDGET=10] poll 01 rc=0 elapsed=4.5s stdout='' record={"checked_at":"2026-10-06T00:14:07Z","error":null,"head":"407b16a058993dbda1603553d6306928d60d58dd","state":"open","mergeable":"conflicting","checks":0,"reviews":0}
[head-small-FM_CONTRIBUTIONS_BUDGET=10] poll 02 rc=0 elapsed=4.4s stdout='' record={"checked_at":"2026-10-06T00:14:13Z","error":null,"head":"407b16a058993dbda1603553d6306928d60d58dd","state":"open","mergeable":"conflicting","checks":0,"reviews":0}
[head-small-FM_CONTRIBUTIONS_BUDGET=10] poll 03 rc=0 elapsed=3.4s stdout='' record={"checked_at":"2026-10-06T00:14:13Z","error":null,"head":"407b16a058993dbda1603553d6306928d60d58dd","state":"open","mergeable":"conflicting","checks":0,"reviews":0}
[head-small-FM_CONTRIBUTIONS_BUDGET=10] poll 04 rc=0 elapsed=5.0s stdout='' record={"checked_at":"2026-10-06T00:14:23Z","error":null,"head":"407b16a058993dbda1603553d6306928d60d58dd","state":"open","mergeable":"conflicting","checks":0,"reviews":0}
[head-small-FM_CONTRIBUTIONS_BUDGET=10] poll 05 rc=0 elapsed=3.9s stdout='' record={"checked_at":"2026-10-06T00:14:29Z","error":null,"head":"407b16a058993dbda1603553d6306928d60d58dd","state":"open","mergeable":"conflicting","checks":0,"reviews":0}
[head-small-FM_CONTRIBUTIONS_BUDGET=10] poll 06 rc=0 elapsed=4.5s stdout='' record={"checked_at":"2026-10-06T00:14:34Z","error":null,"head":"407b16a058993dbda1603553d6306928d60d58dd","state":"open","mergeable":"conflicting","checks":0,"reviews":0}
[head-small-FM_CONTRIBUTIONS_BUDGET=10] SUMMARY polls=6 unavailable_wakes=0 refreshed=5 unmeasured=1 gh_auth_token_calls=6 gh_reads_with_env_token=40 gh_reads_without_token=0
[head-small-FM_CHECK_TIMEOUT=18] poll 01 rc=0 elapsed=5.7s stdout='' record={"checked_at":"2026-10-06T00:14:42Z","error":null,"head":"407b16a058993dbda1603553d6306928d60d58dd","state":"open","mergeable":"conflicting","checks":0,"reviews":0}
[head-small-FM_CHECK_TIMEOUT=18] poll 02 rc=0 elapsed=4.8s stdout='' record={"checked_at":"2026-10-06T00:14:49Z","error":null,"head":"407b16a058993dbda1603553d6306928d60d58dd","state":"open","mergeable":"conflicting","checks":0,"reviews":0}
[head-small-FM_CHECK_TIMEOUT=18] poll 03 rc=0 elapsed=3.7s stdout='' record={"checked_at":"2026-10-06T00:14:55Z","error":null,"head":"407b16a058993dbda1603553d6306928d60d58dd","state":"open","mergeable":"conflicting","checks":0,"reviews":0}
[head-small-FM_CHECK_TIMEOUT=18] poll 04 rc=0 elapsed=4.2s stdout='' record={"checked_at":"2026-10-06T00:15:00Z","error":null,"head":"407b16a058993dbda1603553d6306928d60d58dd","state":"open","mergeable":"conflicting","checks":0,"reviews":0}
[head-small-FM_CHECK_TIMEOUT=18] poll 05 rc=0 elapsed=5.2s stdout='' record={"checked_at":"2026-10-06T00:15:05Z","error":null,"head":"407b16a058993dbda1603553d6306928d60d58dd","state":"open","mergeable":"conflicting","checks":0,"reviews":0}
[head-small-FM_CHECK_TIMEOUT=18] poll 06 rc=0 elapsed=4.0s stdout='' record={"checked_at":"2026-10-06T00:15:12Z","error":null,"head":"407b16a058993dbda1603553d6306928d60d58dd","state":"open","mergeable":"conflicting","checks":0,"reviews":0}
[head-small-FM_CHECK_TIMEOUT=18] SUMMARY polls=6 unavailable_wakes=0 refreshed=6 unmeasured=0 gh_auth_token_calls=6 gh_reads_with_env_token=48 gh_reads_without_token=0
[base-small-FM_CONTRIBUTIONS_BUDGET=10] poll 01 rc=0 elapsed=8.7s stdout='' record={"checked_at":"2026-10-06T00:15:12Z","error":null,"head":"407b16a058993dbda1603553d6306928d60d58dd","state":"open","mergeable":"conflicting","checks":0,"reviews":0}
[base-small-FM_CONTRIBUTIONS_BUDGET=10] poll 02 rc=0 elapsed=7.8s stdout='' record={"checked_at":"2026-10-06T00:15:12Z","error":null,"head":"407b16a058993dbda1603553d6306928d60d58dd","state":"open","mergeable":"conflicting","checks":0,"reviews":0}
[base-small-FM_CONTRIBUTIONS_BUDGET=10] poll 03 rc=0 elapsed=8.3s stdout='' record={"checked_at":"2026-10-06T00:15:12Z","error":null,"head":"407b16a058993dbda1603553d6306928d60d58dd","state":"open","mergeable":"conflicting","checks":0,"reviews":0}
[base-small-FM_CONTRIBUTIONS_BUDGET=10] poll 04 rc=0 elapsed=8.0s stdout='' record={"checked_at":"2026-10-06T00:15:12Z","error":null,"head":"407b16a058993dbda1603553d6306928d60d58dd","state":"open","mergeable":"conflicting","checks":0,"reviews":0}
[base-small-FM_CONTRIBUTIONS_BUDGET=10] poll 05 rc=0 elapsed=9.3s stdout='' record={"checked_at":"2026-10-06T00:15:12Z","error":null,"head":"407b16a058993dbda1603553d6306928d60d58dd","state":"open","mergeable":"conflicting","checks":0,"reviews":0}
[base-small-FM_CONTRIBUTIONS_BUDGET=10] poll 06 rc=0 elapsed=9.0s stdout='' record={"checked_at":"2026-10-06T00:15:12Z","error":null,"head":"407b16a058993dbda1603553d6306928d60d58dd","state":"open","mergeable":"conflicting","checks":0,"reviews":0}
[base-small-FM_CONTRIBUTIONS_BUDGET=10] SUMMARY polls=6 unavailable_wakes=0 refreshed=0 unmeasured=6 gh_auth_token_calls=0 gh_reads_with_env_token=0 gh_reads_without_token=42
[base-small-FM_CHECK_TIMEOUT=18] poll 01 rc=0 elapsed=11.1s stdout='' record={"checked_at":"2026-10-06T00:16:24Z","error":null,"head":"407b16a058993dbda1603553d6306928d60d58dd","state":"open","mergeable":"conflicting","checks":0,"reviews":0}
[base-small-FM_CHECK_TIMEOUT=18] poll 02 rc=0 elapsed=8.8s stdout='' record={"checked_at":"2026-10-06T00:16:24Z","error":null,"head":"407b16a058993dbda1603553d6306928d60d58dd","state":"open","mergeable":"conflicting","checks":0,"reviews":0}
[base-small-FM_CHECK_TIMEOUT=18] poll 03 rc=0 elapsed=8.0s stdout='' record={"checked_at":"2026-10-06T00:16:24Z","error":null,"head":"407b16a058993dbda1603553d6306928d60d58dd","state":"open","mergeable":"conflicting","checks":0,"reviews":0}
[base-small-FM_CHECK_TIMEOUT=18] poll 04 rc=0 elapsed=9.1s stdout='' record={"checked_at":"2026-10-06T00:16:24Z","error":null,"head":"407b16a058993dbda1603553d6306928d60d58dd","state":"open","mergeable":"conflicting","checks":0,"reviews":0}
[base-small-FM_CHECK_TIMEOUT=18] poll 05 rc=0 elapsed=10.4s stdout='' record={"checked_at":"2026-10-06T00:17:05Z","error":null,"head":"407b16a058993dbda1603553d6306928d60d58dd","state":"open","mergeable":"conflicting","checks":0,"reviews":0}
[base-small-FM_CHECK_TIMEOUT=18] poll 06 rc=0 elapsed=7.4s stdout='' record={"checked_at":"2026-10-06T00:17:05Z","error":null,"head":"407b16a058993dbda1603553d6306928d60d58dd","state":"open","mergeable":"conflicting","checks":0,"reviews":0}
[base-small-FM_CHECK_TIMEOUT=18] SUMMARY polls=6 unavailable_wakes=0 refreshed=2 unmeasured=4 gh_auth_token_calls=0 gh_reads_with_env_token=0 gh_reads_without_token=44
